C51 COMPILER V9.60.7.0   BITBOARD                                                          12/27/2025 19:59:21 PAGE 1   


C51 COMPILER V9.60.7.0, COMPILATION OF MODULE BITBOARD
OBJECT MODULE PLACED IN .\Objects\bitboard.obj
COMPILER INVOKED BY: C:\Keil_v5\C51\BIN\C51.EXE src\bitboard.c OPTIMIZE(8,SPEED) BROWSE DEBUG OBJECTEXTEND PRINT(.\Listi
                    -ngs\bitboard.lst) TABS(2) OBJECT(.\Objects\bitboard.obj)

line level    source

   1          #include "bitboard.h"
   2          #include "types.h"
   3          #include "config.h"
   4          
   5          // ===================================================================================
   6          // ============================= Board State Data ====================================
   7          // Reading Starts from a1 to e5
   8          // First bit is a1 (LSB)
   9          Bitboard xdata PolledBoard = {{0x1F, 0x1B, 0x04, 0x1F}};
  10          Bitboard xdata CurrentBoard = {{0xFF, 0xFF, 0xFF, 0xFF}};
  11          Bitboard xdata DiffMask = {{0x00, 0x00, 0x00, 0x00}};
  12          Bitboard xdata LeftMask = {{0x00, 0x00, 0x00, 0x00}};
  13          Bitboard xdata EnteredMask = {{0x00, 0x00, 0x00, 0x00}};
  14          Bitboard xdata LegalMoves = {{0x00, 0x00, 0x00, 0x00}};// 0101 0101
  15          
  16          const Bitboard xdata ZeroBoard = {{0x00, 0x00, 0x00, 0x00}};
  17          const Bitboard xdata OneBoard = {{0xFF, 0xFF, 0xFF, 0xFF}};
  18          
  19          bit MATCH = 0;
  20          bit TURN = WHITE;
  21          
  22          U8 xdata KingSquares[2] = {0, 0};
  23          
  24          U8 xdata BoardState[16] = {EMPTY, EMPTY, EMPTY, EMPTY,
  25                                     EMPTY, EMPTY, EMPTY, EMPTY,
  26                                     EMPTY, EMPTY, EMPTY, EMPTY,
  27                                     EMPTY, EMPTY, EMPTY, EMPTY,};
  28          
  29          
  30          // ===================================================================================
  31          
  32          bit compare_boards(Bitboard *a, Bitboard *b) {
  33   1          U8 i;
  34   1          for (i = 0; i < BOARD_W; i++) {
  35   2              if (a->RANK[i] != b->RANK[i])
  36   2                  return 0;   // mismatch
  37   2          }
  38   1          return 1;           // all match
  39   1      }
  40          


MODULE INFORMATION:   STATIC OVERLAYABLE
   CODE SIZE        =     48    ----
   CONSTANT SIZE    =   ----    ----
   XDATA SIZE       =     50    ----
   PDATA SIZE       =   ----    ----
   DATA SIZE        =   ----       6
   IDATA SIZE       =   ----    ----
   BIT SIZE         =      2    ----
END OF MODULE INFORMATION.


C51 COMPILATION COMPLETE.  0 WARNING(S),  0 ERROR(S)
