C51 COMPILER V9.60.7.0   HELPERS                                                           01/30/2026 12:58:12 PAGE 1   


C51 COMPILER V9.60.7.0, COMPILATION OF MODULE HELPERS
OBJECT MODULE PLACED IN .\Objects\helpers.obj
COMPILER INVOKED BY: C:\Keil_v5\C51\BIN\C51.EXE src\helpers.c OPTIMIZE(9,SPEED) BROWSE DEBUG OBJECTEXTEND PRINT(.\Listin
                    -gs\helpers.lst) TABS(2) OBJECT(.\Objects\helpers.obj)

line level    source

   1          #include "helpers.h"
   2          
   3          #include <REG52.H>
   4          
   5          // ==============================================================================
   6          // =========================Delay Functionality START ===========================
   7          // ==============================================================================
   8          
   9          unsigned int ms_counter = 0;
  10          
  11          const U8 code pop4[16] = {
  12              0,1,1,2,1,2,2,3,
  13              1,2,2,3,2,3,3,4
  14          };
  15          
  16          void timer0_delay1ms(void) {
  17   1          TMOD |= 0x01;
  18   1          
  19   1          TH0 = 0xFC;
  20   1          TL0 = 0x67;
  21   1      
  22   1          TF0 = 0;
  23   1          TR0 = 1;
  24   1          while(TF0 == 0);
  25   1          TR0 = 0;
  26   1      }
  27          
  28          //void timer0_init(void) {
  29          //  TMOD &= 0xF0;
  30          //  TMOD |= 0x01;
  31          //    
  32          //  TH0 = 0xFC;
  33          //  TL0 = 0x67;
  34          //  
  35          //  ET0 = 1;
  36          //  EA = 1;
  37          //  TR0 = 1;
  38          //  
  39          //  ms_counter = 0;
  40          //}
  41          
  42          //void timer0_ISR(void) interrupt 1 {
  43          //  TH0 = 0xFC;
  44          //  TL0 = 0x67;
  45          //  
  46          //  if (ms_counter > 0) ms_counter--;
  47          //}
  48          
  49          
  50          void delay_ms(unsigned int ms) {
  51   1          unsigned int i;
  52   1          for(i = 0; i < ms; i++) {
  53   2              timer0_delay1ms();
  54   2          }
C51 COMPILER V9.60.7.0   HELPERS                                                           01/30/2026 12:58:12 PAGE 2   

  55   1      }
  56          
  57          U8 get_bit_count(const Bitboard *board) {
  58   1          return BITCOUNT8(board->RANK[0]) +
  59   1              BITCOUNT8(board->RANK[1]) +
  60   1              BITCOUNT8(board->RANK[2]) +
  61   1              BITCOUNT8(board->RANK[3]) +
  62   1              BITCOUNT8(board->RANK[4]) +
  63   1              BITCOUNT8(board->RANK[5]) +
  64   1              BITCOUNT8(board->RANK[6]) +
  65   1              BITCOUNT8(board->RANK[7]); 
  66   1      }
  67          
  68          
  69          // ==============================================================================
  70          // =========================Delay Functionality END =============================
  71          // ==============================================================================


MODULE INFORMATION:   STATIC OVERLAYABLE
   CODE SIZE        =    179    ----
   CONSTANT SIZE    =     16    ----
   XDATA SIZE       =   ----    ----
   PDATA SIZE       =   ----    ----
   DATA SIZE        =      2    ----
   IDATA SIZE       =   ----    ----
   BIT SIZE         =   ----    ----
END OF MODULE INFORMATION.


C51 COMPILATION COMPLETE.  0 WARNING(S),  0 ERROR(S)
