C51 COMPILER V9.60.7.0   INTERRUPTS                                                        01/28/2026 00:44:45 PAGE 1   


C51 COMPILER V9.60.7.0, COMPILATION OF MODULE INTERRUPTS
OBJECT MODULE PLACED IN .\Objects\interrupts.obj
COMPILER INVOKED BY: C:\Keil_v5\C51\BIN\C51.EXE src\interrupts.c OPTIMIZE(9,SPEED) BROWSE DEBUG OBJECTEXTEND PRINT(.\Lis
                    -tings\interrupts.lst) TABS(2) OBJECT(.\Objects\interrupts.obj)

line level    source

   1          #include "interrupts.h"
   2          #include <REG52.H>
   3          
   4          #include "types.h"
   5          #include "config.h"
   6          #include "uart.h"
   7          #include "bitboard.h"
   8          
   9          
  10          /* ================= Serial ISR variables ================= */
  11          
  12          volatile bit LED_READY = 0;
  13          volatile bit CONNECTED = 0;
  14          volatile bit POSITION_DONE = 0;
  15          volatile bit MOVE_RECEIVED = 0;
  16          
  17          volatile U8 xdata MoveSquares[4] = {0};
  18          
  19          volatile ISRState CurrentISRState = NOT_CONNECTED;
  20          volatile Bitboard xdata DisplayBoardLEDs;
  21          
  22          volatile RX_STATE rxState = RX_WAIT_HEADER;
  23          volatile U8 rxType;
  24          volatile U8 rxLen;
  25          volatile U8 rxIndex;
  26          volatile U8 rxChecksum;
  27          volatile U8 xdata rxBuffer[MAX_RX_PAYLOAD];
  28          volatile bit rxPacketReady = 0;
  29          
  30          
  31          volatile U8 txHeader;
  32          volatile U8 txType;
  33          volatile U8 txLen;
  34          volatile U8 txChecksum;
  35          volatile U8 xdata txBuffer[MAX_TX_PAYLOAD];
  36          volatile bit txPacketReady = 0;
  37          
  38          /* ======================================================== */
  39          
  40          void serial_ISR(void) interrupt 4 {
  41   1          if (RI) {
  42   2              U8 c;
  43   2              c = SBUF;
  44   2              RI = 0;
  45   2            
  46   2            switch (rxState) {
  47   3      
  48   3              case RX_WAIT_HEADER:
  49   3                  if (c == 0xAA) {
  50   4                      rxChecksum = 0;
  51   4                      rxState = RX_WAIT_TYPE;
  52   4                  }
  53   3                  break;
  54   3      
C51 COMPILER V9.60.7.0   INTERRUPTS                                                        01/28/2026 00:44:45 PAGE 2   

  55   3              case RX_WAIT_TYPE:
  56   3                  rxType = c;
  57   3                  rxChecksum ^= c;
  58   3                  rxState = RX_WAIT_LEN;
  59   3                  break;
  60   3      
  61   3              case RX_WAIT_LEN:
  62   3                  rxLen = c;
  63   3                  rxIndex = 0;
  64   3                  rxChecksum ^= c;
  65   3                  
  66   3                  if (rxLen > 0) {
  67   4                    rxState = RX_WAIT_DATA;
  68   4                    break;
  69   4                    
  70   4                  }
  71   3                  rxState = RX_WAIT_CHECKSUM;
  72   3                  break;
  73   3                  
  74   3      
  75   3              case RX_WAIT_DATA:
  76   3                rxBuffer[rxIndex++] = c;
  77   3                rxChecksum ^= c;
  78   3      
  79   3                  if (rxIndex >= rxLen) {
  80   4                      rxState = RX_WAIT_CHECKSUM;
  81   4                  }
  82   3                  break;
  83   3      
  84   3              case RX_WAIT_CHECKSUM:
  85   3                  if (c == rxChecksum) {
  86   4                      rxPacketReady = 1;   // signal main loop
  87   4                  }
  88   3                  rxState = RX_WAIT_HEADER; // always reset
  89   3                  break;
  90   3          }
  91   2            return;
  92   2        }     
  93   1          
  94   1          if (TI) {
  95   2            TI = 0;
  96   2      
  97   2            if (tx_tail != tx_head) {
  98   3                SBUF = tx_buf[tx_tail];
  99   3                tx_tail = (tx_tail + 1) % TX_BUF_SIZE;
 100   3            } else {
 101   3                tx_busy = 0;   // Nothing left to send
 102   3            }
 103   2          }
 104   1              
 105   1      }
 106          
 107          void process_rx_packet(void) {
 108   1        U8 i, j;
 109   1        
 110   1        if (!rxPacketReady) return;
 111   1        rxPacketReady = 0;
 112   1      
 113   1        switch (rxType) {
 114   2          case CONNECTION_PACKET:
 115   2            CONNECTED = 1;
 116   2            break;
C51 COMPILER V9.60.7.0   INTERRUPTS                                                        01/28/2026 00:44:45 PAGE 3   

 117   2          
 118   2          case BOARD_PACKET:
 119   2            for (i=0; i<BOARD_W*BOARD_W; i++) {
 120   3              U8 c;
 121   3              c = rxBuffer[i];
 122   3              BoardState[i] = c;
 123   3              if ((c & TYPE_MASK) == TYPE_KING) {
 124   4                bit piece_turn;
 125   4                piece_turn = (c & COLOR_WHITE) != 0;
 126   4                KingSquares[piece_turn] = i;
 127   4              }
 128   3            }
 129   2            COLOR = rxBuffer[i];
 130   2            
 131   2            DisplayBoardLEDs.RANK[0] = 0;
 132   2            DisplayBoardLEDs.RANK[1] = 0;
 133   2            DisplayBoardLEDs.RANK[2] = 0;
 134   2            DisplayBoardLEDs.RANK[3] = 0;
 135   2            DisplayBoardLEDs.RANK[4] = 0;
 136   2            DisplayBoardLEDs.RANK[5] = 0;
 137   2            DisplayBoardLEDs.RANK[6] = 0;
 138   2            DisplayBoardLEDs.RANK[7] = 0;
 139   2                    
 140   2            for (i=0; i<BOARD_W; i++){
 141   3              for (j=0; j<BOARD_W; j++) {
 142   4                if (((BoardState[(i << SHIFT) | j] & TYPE_MASK) != TYPE_EMPTY)) {
 143   5                  DisplayBoardLEDs.RANK[i] |= (1 << j);
 144   5                }
 145   4              }
 146   3            }
 147   2            LED_READY = 1;
 148   2            
 149   2            break;
 150   2            
 151   2          
 152   2          case MOVE_PACKET: 
 153   2            DisplayBoardLEDs.RANK[0] = 0;
 154   2            DisplayBoardLEDs.RANK[1] = 0;
 155   2            DisplayBoardLEDs.RANK[2] = 0;
 156   2            DisplayBoardLEDs.RANK[3] = 0;
 157   2            DisplayBoardLEDs.RANK[4] = 0;
 158   2            DisplayBoardLEDs.RANK[5] = 0;
 159   2            DisplayBoardLEDs.RANK[6] = 0;
 160   2            DisplayBoardLEDs.RANK[7] = 0;
 161   2          
 162   2            for (i=0; i<4; i++) MoveSquares[i] = rxBuffer[i];
 163   2        
 164   2            DisplayBoardLEDs.RANK[MoveSquares[0]] |= 1 << MoveSquares[1];
 165   2            DisplayBoardLEDs.RANK[MoveSquares[2]] |= 1 << MoveSquares[3];
 166   2          
 167   2            MoveBoard = CurrentBoard;
 168   2          
 169   2            MoveBoard.RANK[MoveSquares[0]] &= ~(1 << MoveSquares[1]);
 170   2            MoveBoard.RANK[MoveSquares[2]] |= 1 << MoveSquares[3];
 171   2          
 172   2            MOVE_RECEIVED = 1;
 173   2            break;
 174   2        }
 175   1      }
 176          
 177          
 178          
C51 COMPILER V9.60.7.0   INTERRUPTS                                                        01/28/2026 00:44:45 PAGE 4   

 179          void process_tx_packet(void) {
 180   1        U8 i, c;
 181   1        if (!txPacketReady) return;
 182   1        txPacketReady = 0;
 183   1        
 184   1        txChecksum = 0;
 185   1        
 186   1        uart_send_byte(txHeader);
 187   1        uart_send_byte(txType);
 188   1        uart_send_byte(txLen);
 189   1        
 190   1        txChecksum ^= txType;
 191   1        txChecksum ^= txLen;
 192   1        
 193   1        for (i=0; i<txLen; i++) {
 194   2          c = txBuffer[i];
 195   2          txChecksum ^= c;
 196   2          uart_send_byte(c);
 197   2        }
 198   1        
 199   1        uart_send_byte(txChecksum);
 200   1      }


MODULE INFORMATION:   STATIC OVERLAYABLE
   CODE SIZE        =    636    ----
   CONSTANT SIZE    =   ----    ----
   XDATA SIZE       =     82    ----
   PDATA SIZE       =   ----    ----
   DATA SIZE        =     10       5
   IDATA SIZE       =   ----    ----
   BIT SIZE         =      6       1
END OF MODULE INFORMATION.


C51 COMPILATION COMPLETE.  0 WARNING(S),  0 ERROR(S)
