C51 COMPILER V9.60.7.0   SHIFT_REGISTERS                                                   01/08/2026 17:56:39 PAGE 1   


C51 COMPILER V9.60.7.0, COMPILATION OF MODULE SHIFT_REGISTERS
OBJECT MODULE PLACED IN .\Objects\shift_registers.obj
COMPILER INVOKED BY: C:\Keil_v5\C51\BIN\C51.EXE src\shift_registers.c OPTIMIZE(8,SPEED) BROWSE DEBUG OBJECTEXTEND PRINT(
                    -.\Listings\shift_registers.lst) TABS(2) OBJECT(.\Objects\shift_registers.obj)

line level    source

   1          #include "shift_registers.h"
   2          
   3          #include "types.h"
   4          #include "config.h"
   5          #include "hardware.h"
   6          #include "helpers.h"
   7          #include "tm_ssd.h"
   8          #include "bitboard.h"
   9          
  10          
  11          void get_left_entered(Bitboard *pos_board, Bitboard *new_board) {
  12   1        U8 i;
  13   1        for (i=0; i<4; i++) {
  14   2          LeftMask.RANK[i] = pos_board->RANK[i] & (~new_board->RANK[i]);
  15   2          EnteredMask.RANK[i] = (~pos_board->RANK[i]) & new_board->RANK[i];
  16   2        }
  17   1      }
  18          
  19          
  20          bit read_and_verify_sensors(void) {
  21   1        Bitboard xdata first, second;
  22   1        U8 attempts = 3;
  23   1        
  24   1        while (attempts--) {
  25   2              first = read_hall_effect_sensors();
  26   2              delay_ms(5);
  27   2              second = read_hall_effect_sensors();
  28   2      
  29   2              if (compare_boards(&first, &second)) {
  30   3                  PolledBoard = first;
  31   3                  return 1;
  32   3              }
  33   2          }
  34   1          return 0;
  35   1      }
  36          
  37          
  38          Bitboard read_hall_effect_sensors(void) {
  39   1        U8 i, j;
  40   1        U8 value;
  41   1        Bitboard xdata board = {0};
  42   1        
  43   1        CLK_ENABLE = 1;
  44   1        SHIFT_nLOAD = 0;
  45   1        tm_delay_us();
  46   1        SHIFT_nLOAD = 1;
  47   1        clock_gen_parallel();
  48   1        CLK_ENABLE = 0;
  49   1        
  50   1        
  51   1        for (i=0; i<4; i++) {
  52   2          for (j=0; j<4; j++){
  53   3            value = SERIAL_DATA_IN;
  54   3            value &= 1;
C51 COMPILER V9.60.7.0   SHIFT_REGISTERS                                                   01/08/2026 17:56:39 PAGE 2   

  55   3            board.RANK[j] |= ((!value) << i);
  56   3            clock_gen_parallel();
  57   3          }
  58   2        }
  59   1        /*
  60   1        for (i=0; i<4; i++) {
  61   1          for (j=0; j<4; j++){
  62   1            value = SERIAL_DATA_IN;
  63   1            value &= 1;
  64   1            board.RANK[i+4] |= ((!value) << j);
  65   1            clock_gen_parallel();
  66   1          }
  67   1        }
  68   1        
  69   1        
  70   1        for (i=0; i<4; i++) {
  71   1          for (j=0; j<4; j++){
  72   1            value = SERIAL_DATA_IN;
  73   1            value &= 1;
  74   1            board.RANK[i] |= ((!value) << (j+4));
  75   1            clock_gen_parallel();
  76   1          }
  77   1        }
  78   1        
  79   1        for (i=0; i<4; i++) {
  80   1          for (j=0; j<4; j++){
  81   1            value = SERIAL_DATA_IN;
  82   1            value &= 1;
  83   1            board.RANK[i+4] |= ((!value) << (j+4));
  84   1            clock_gen_parallel();
  85   1          }
  86   1        }
  87   1        */
  88   1        
  89   1        return board;
  90   1      }
  91          
  92          void set_leds(Bitboard *to_light_up) {
  93   1        U8 i;
  94   1        
  95   1        U8 r0 = to_light_up->RANK[0];
  96   1        U8 r1 = to_light_up->RANK[1];
  97   1        U8 r2 = to_light_up->RANK[2];
  98   1        U8 r3 = to_light_up->RANK[3];
  99   1        
 100   1        MASTER_RESET = 0;
 101   1        clock_gen_serial();
 102   1        MASTER_RESET = 1;
 103   1        
 104   1        delay_ms(1);
 105   1        
 106   1        for (i = 0; i < 4; i++) {          // i = bit index (your (3-i))
 107   2              U8 shift = (U8)(3 - i);
 108   2      
 109   2              SERIAL_DATA_OUT = (r3 >> shift) & 1; clock_gen_serial();
 110   2              SERIAL_DATA_OUT = (r2 >> shift) & 1; clock_gen_serial();
 111   2              SERIAL_DATA_OUT = (r1 >> shift) & 1; clock_gen_serial();
 112   2              SERIAL_DATA_OUT = (r0 >> shift) & 1; clock_gen_serial();
 113   2          }
 114   1        
 115   1          LATCH_RELEASE = 0;
 116   1          LATCH_RELEASE = 1;
C51 COMPILER V9.60.7.0   SHIFT_REGISTERS                                                   01/08/2026 17:56:39 PAGE 3   

 117   1          tm_delay_us();
 118   1          LATCH_RELEASE = 0;
 119   1      }
 120          
 121          
 122          void clock_gen_serial() {
 123   1        SERIAL_CLK = 1;
 124   1        tm_delay_us();
 125   1        SERIAL_CLK = 0;
 126   1      }
 127          void clock_gen_parallel() {
 128   1        PARALLEL_CLK = 1;
 129   1        tm_delay_us();
 130   1        PARALLEL_CLK = 0;
 131   1      }


MODULE INFORMATION:   STATIC OVERLAYABLE
   CODE SIZE        =    457    ----
   CONSTANT SIZE    =      4    ----
   XDATA SIZE       =   ----      12
   PDATA SIZE       =   ----    ----
   DATA SIZE        =   ----      15
   IDATA SIZE       =   ----    ----
   BIT SIZE         =   ----    ----
END OF MODULE INFORMATION.


C51 COMPILATION COMPLETE.  0 WARNING(S),  0 ERROR(S)
