C51 COMPILER V9.60.7.0   TM_SSD                                                            01/19/2026 02:57:11 PAGE 1   


C51 COMPILER V9.60.7.0, COMPILATION OF MODULE TM_SSD
OBJECT MODULE PLACED IN .\Objects\tm_ssd.obj
COMPILER INVOKED BY: C:\Keil_v5\C51\BIN\C51.EXE src\tm_ssd.c OPTIMIZE(9,SPEED) BROWSE DEBUG OBJECTEXTEND PRINT(.\Listing
                    -s\tm_ssd.lst) TABS(2) OBJECT(.\Objects\tm_ssd.obj)

line level    source

   1          #include "tm_ssd.h"
   2          
   3          #include <REG52.H>
   4          #include "types.h"
   5          #include "hardware.h"
   6          
   7          
   8          
   9          // ===============================================================================
  10          // =========================Seven Segment Display START===========================
  11          // ===============================================================================
  12          
  13          // ============================ Useful Constant Values ===============================
  14          const U8 code seg_table[18] = {
  15                  0x3F,0x06,0x5B,0x4F,0x66, // 0-4
  16                  0x6D,0x7D,0x07,0x7F,0x6F, // 5-9
  17                0x77,0x7C,0x39,0x5E,0x79,0x71,0x3D,0x76, // A-E
  18          };
  19          
  20          
  21          void tm_start(void) {
  22   1          SSD_DIO = 1;
  23   1          SSD_CLK = 1;
  24   1          tm_delay_us();
  25   1          SSD_DIO = 0;
  26   1          tm_delay_us();
  27   1          SSD_CLK = 0;
  28   1      }
  29          void tm_stop(void) {
  30   1          SSD_CLK = 0;
  31   1          tm_delay_us();
  32   1          SSD_DIO = 0;
  33   1          tm_delay_us();
  34   1          SSD_CLK = 1;
  35   1          tm_delay_us();
  36   1          SSD_DIO = 1;
  37   1      }
  38          void tm_send_byte(U8 b) {
  39   1          U8 i;
  40   1          for (i = 0; i < 8; i++) {
  41   2              SSD_CLK = 0;                // clock low before setting data
  42   2              SSD_DIO = (b & 0x01);       // send LSB first
  43   2              tm_delay_us();
  44   2              SSD_CLK = 1;                // clock high: latch bit
  45   2              tm_delay_us();
  46   2              b >>= 1;
  47   2          }
  48   1      
  49   1          // ACK bit
  50   1          SSD_CLK = 0;
  51   1          SSD_DIO = 1; // release data line
  52   1          tm_delay_us();
  53   1          SSD_CLK = 1;
  54   1          tm_delay_us();
C51 COMPILER V9.60.7.0   TM_SSD                                                            01/19/2026 02:57:11 PAGE 2   

  55   1          SSD_CLK = 0;
  56   1      }
  57          void tm_send_command(U8 cmd) {
  58   1          tm_start();
  59   1          tm_send_byte(cmd);
  60   1          tm_stop();
  61   1      }
  62          void tm_display_digits(U8 d0, U8 d1, U8 d2, U8 d3) {
  63   1          // Segment data for 0–9
  64   1      
  65   1          tm_send_command(0x40); // set auto-increment mode
  66   1      
  67   1          tm_start();
  68   1          tm_send_byte(0xC0); // start address 0
  69   1          tm_send_byte(seg_table[d0]);  
  70   1          tm_send_byte(seg_table[d1]);
  71   1          tm_send_byte(seg_table[d2]);
  72   1          tm_send_byte(seg_table[d3]);
  73   1          tm_stop();
  74   1      
  75   1          tm_send_command(0x8F); // display ON, max brightness
  76   1      }
  77          // ==============================================================================
  78          // =========================Seven Segment Display END ===========================
  79          // ==============================================================================


MODULE INFORMATION:   STATIC OVERLAYABLE
   CODE SIZE        =    114    ----
   CONSTANT SIZE    =     18    ----
   XDATA SIZE       =   ----    ----
   PDATA SIZE       =   ----    ----
   DATA SIZE        =   ----       4
   IDATA SIZE       =   ----    ----
   BIT SIZE         =   ----    ----
END OF MODULE INFORMATION.


C51 COMPILATION COMPLETE.  0 WARNING(S),  0 ERROR(S)
